D:/data/direction_in_my_life/information_technology/c_embedded/studying/min_working_projects/i2c_project/main.c:7:5:main	24	static
D:/data/direction_in_my_life/information_technology/c_embedded/studying/min_working_projects/i2c_project/main.c:30:6:Delay	24	static
D:/data/direction_in_my_life/information_technology/c_embedded/studying/min_working_projects/i2c_project/main.c:39:6:EnableClocking	4	static
D:/data/direction_in_my_life/information_technology/c_embedded/studying/min_working_projects/i2c_project/main.c:45:6:GpioInit	4	static
D:/data/direction_in_my_life/information_technology/c_embedded/studying/min_working_projects/i2c_project/main.c:59:6:I2cInit	8	static
D:/data/direction_in_my_life/information_technology/c_embedded/studying/min_working_projects/i2c_project/main.c:72:9:I2cScan	16	static
D:/data/direction_in_my_life/information_technology/c_embedded/studying/min_working_projects/i2c_project/main.c:90:6:I2cStart	4	static
D:/data/direction_in_my_life/information_technology/c_embedded/studying/min_working_projects/i2c_project/main.c:99:6:I2cStop	4	static
D:/data/direction_in_my_life/information_technology/c_embedded/studying/min_working_projects/i2c_project/main.c:104:6:I2cResetAddrFlag	4	static
D:/data/direction_in_my_life/information_technology/c_embedded/studying/min_working_projects/i2c_project/main.c:110:9:I2cSendAddress	16	static
D:/data/direction_in_my_life/information_technology/c_embedded/studying/min_working_projects/i2c_project/main.c:124:6:I2cWriteData	16	static
D:/data/direction_in_my_life/information_technology/c_embedded/studying/min_working_projects/i2c_project/main.c:133:9:I2cReadData	4	static
D:/data/direction_in_my_life/information_technology/c_embedded/studying/min_working_projects/i2c_project/main.c:140:6:I2cReceiveSingleByte	8	static
D:/data/direction_in_my_life/information_technology/c_embedded/studying/min_working_projects/i2c_project/main.c:147:6:Bmp280WriteDataToRegister	16	static
D:/data/direction_in_my_life/information_technology/c_embedded/studying/min_working_projects/i2c_project/main.c:159:6:Bmp280Config	16	static
D:/data/direction_in_my_life/information_technology/c_embedded/studying/min_working_projects/i2c_project/main.c:166:6:Bmp280Reset	16	static
D:/data/direction_in_my_life/information_technology/c_embedded/studying/min_working_projects/i2c_project/main.c:171:6:Bmp280SetСtrlMeas	16	static
D:/data/direction_in_my_life/information_technology/c_embedded/studying/min_working_projects/i2c_project/main.c:176:6:Bmp280SetConfig	16	static
D:/data/direction_in_my_life/information_technology/c_embedded/studying/min_working_projects/i2c_project/main.c:181:6:Bmp280ReadCompensationData	16	static
D:/data/direction_in_my_life/information_technology/c_embedded/studying/min_working_projects/i2c_project/main.c:187:6:Bmp280ReadCompensationTemperature	24	static
D:/data/direction_in_my_life/information_technology/c_embedded/studying/min_working_projects/i2c_project/main.c:204:6:Bmp280ReadCompensationPressure	24	static
D:/data/direction_in_my_life/information_technology/c_embedded/studying/min_working_projects/i2c_project/main.c:245:9:Bmp280ReadDataFromRegister	16	static
D:/data/direction_in_my_life/information_technology/c_embedded/studying/min_working_projects/i2c_project/main.c:259:6:Bmp280ReadData	24	static
D:/data/direction_in_my_life/information_technology/c_embedded/studying/min_working_projects/i2c_project/main.c:271:9:Bmp280ReadTemperature	24	static
D:/data/direction_in_my_life/information_technology/c_embedded/studying/min_working_projects/i2c_project/main.c:282:10:Bmp280ReadPressure	24	static
D:/data/direction_in_my_life/information_technology/c_embedded/studying/min_working_projects/i2c_project/main.c:293:9:Bmp280CompensateTemperatureInteger32	32	static
D:/data/direction_in_my_life/information_technology/c_embedded/studying/min_working_projects/i2c_project/main.c:304:10:Bmp280CompensatePressureInteger32	248	static
