C:/Users/doroz/Desktop/uart_project/main.c:24:5:main	16	static
C:/Users/doroz/Desktop/uart_project/main.c:42:6:Delay	24	static
C:/Users/doroz/Desktop/uart_project/main.c:51:6:EnableClocking	4	static
C:/Users/doroz/Desktop/uart_project/main.c:60:6:GpioInit	8	static
C:/Users/doroz/Desktop/uart_project/main.c:66:6:GpioInitForUsart2	4	static
C:/Users/doroz/Desktop/uart_project/main.c:81:6:GpioInitForUsart3	4	static
C:/Users/doroz/Desktop/uart_project/main.c:96:6:UsartInit	8	static
C:/Users/doroz/Desktop/uart_project/main.c:102:6:Usart2Init	4	static
C:/Users/doroz/Desktop/uart_project/main.c:109:6:Usart3Init	4	static
C:/Users/doroz/Desktop/uart_project/main.c:116:6:UsartSendData	16	static
C:/Users/doroz/Desktop/uart_project/main.c:124:9:UsartReceiveData	16	static
