Archive member included to satisfy reference by file (symbol)

D:/data/direction_in_my_life/information_technology/c_embedded/studying/tools/arm-mingw-13.3/bin/../lib/gcc/arm-none-eabi/13.3.1/thumb/v7e-m/nofp\libc_nano.a(libc_a-exit.o)
                              D:/data/direction_in_my_life/information_technology/c_embedded/studying/tools/arm-mingw-13.3/bin/../lib/gcc/arm-none-eabi/13.3.1/thumb/v7e-m/nofp/crt0.o (exit)
D:/data/direction_in_my_life/information_technology/c_embedded/studying/tools/arm-mingw-13.3/bin/../lib/gcc/arm-none-eabi/13.3.1/thumb/v7e-m/nofp\libc_nano.a(libc_a-findfp.o)
                              D:/data/direction_in_my_life/information_technology/c_embedded/studying/tools/arm-mingw-13.3/bin/../lib/gcc/arm-none-eabi/13.3.1/thumb/v7e-m/nofp\libc_nano.a(libc_a-exit.o) (__stdio_exit_handler)
D:/data/direction_in_my_life/information_technology/c_embedded/studying/tools/arm-mingw-13.3/bin/../lib/gcc/arm-none-eabi/13.3.1/thumb/v7e-m/nofp\libc_nano.a(libc_a-fwalk.o)
                              D:/data/direction_in_my_life/information_technology/c_embedded/studying/tools/arm-mingw-13.3/bin/../lib/gcc/arm-none-eabi/13.3.1/thumb/v7e-m/nofp\libc_nano.a(libc_a-findfp.o) (_fwalk_sglue)
D:/data/direction_in_my_life/information_technology/c_embedded/studying/tools/arm-mingw-13.3/bin/../lib/gcc/arm-none-eabi/13.3.1/thumb/v7e-m/nofp\libc_nano.a(libc_a-stdio.o)
                              D:/data/direction_in_my_life/information_technology/c_embedded/studying/tools/arm-mingw-13.3/bin/../lib/gcc/arm-none-eabi/13.3.1/thumb/v7e-m/nofp\libc_nano.a(libc_a-findfp.o) (__sread)
D:/data/direction_in_my_life/information_technology/c_embedded/studying/tools/arm-mingw-13.3/bin/../lib/gcc/arm-none-eabi/13.3.1/thumb/v7e-m/nofp\libc_nano.a(libc_a-memset.o)
                              D:/data/direction_in_my_life/information_technology/c_embedded/studying/tools/arm-mingw-13.3/bin/../lib/gcc/arm-none-eabi/13.3.1/thumb/v7e-m/nofp/crt0.o (memset)
D:/data/direction_in_my_life/information_technology/c_embedded/studying/tools/arm-mingw-13.3/bin/../lib/gcc/arm-none-eabi/13.3.1/thumb/v7e-m/nofp\libc_nano.a(libc_a-closer.o)
                              D:/data/direction_in_my_life/information_technology/c_embedded/studying/tools/arm-mingw-13.3/bin/../lib/gcc/arm-none-eabi/13.3.1/thumb/v7e-m/nofp\libc_nano.a(libc_a-stdio.o) (_close_r)
D:/data/direction_in_my_life/information_technology/c_embedded/studying/tools/arm-mingw-13.3/bin/../lib/gcc/arm-none-eabi/13.3.1/thumb/v7e-m/nofp\libc_nano.a(libc_a-reent.o)
                              D:/data/direction_in_my_life/information_technology/c_embedded/studying/tools/arm-mingw-13.3/bin/../lib/gcc/arm-none-eabi/13.3.1/thumb/v7e-m/nofp\libc_nano.a(libc_a-closer.o) (errno)
D:/data/direction_in_my_life/information_technology/c_embedded/studying/tools/arm-mingw-13.3/bin/../lib/gcc/arm-none-eabi/13.3.1/thumb/v7e-m/nofp\libc_nano.a(libc_a-impure.o)
                              D:/data/direction_in_my_life/information_technology/c_embedded/studying/tools/arm-mingw-13.3/bin/../lib/gcc/arm-none-eabi/13.3.1/thumb/v7e-m/nofp\libc_nano.a(libc_a-reent.o) (_impure_ptr)
D:/data/direction_in_my_life/information_technology/c_embedded/studying/tools/arm-mingw-13.3/bin/../lib/gcc/arm-none-eabi/13.3.1/thumb/v7e-m/nofp\libc_nano.a(libc_a-lseekr.o)
                              D:/data/direction_in_my_life/information_technology/c_embedded/studying/tools/arm-mingw-13.3/bin/../lib/gcc/arm-none-eabi/13.3.1/thumb/v7e-m/nofp\libc_nano.a(libc_a-stdio.o) (_lseek_r)
D:/data/direction_in_my_life/information_technology/c_embedded/studying/tools/arm-mingw-13.3/bin/../lib/gcc/arm-none-eabi/13.3.1/thumb/v7e-m/nofp\libc_nano.a(libc_a-readr.o)
                              D:/data/direction_in_my_life/information_technology/c_embedded/studying/tools/arm-mingw-13.3/bin/../lib/gcc/arm-none-eabi/13.3.1/thumb/v7e-m/nofp\libc_nano.a(libc_a-stdio.o) (_read_r)
D:/data/direction_in_my_life/information_technology/c_embedded/studying/tools/arm-mingw-13.3/bin/../lib/gcc/arm-none-eabi/13.3.1/thumb/v7e-m/nofp\libc_nano.a(libc_a-writer.o)
                              D:/data/direction_in_my_life/information_technology/c_embedded/studying/tools/arm-mingw-13.3/bin/../lib/gcc/arm-none-eabi/13.3.1/thumb/v7e-m/nofp\libc_nano.a(libc_a-stdio.o) (_write_r)
D:/data/direction_in_my_life/information_technology/c_embedded/studying/tools/arm-mingw-13.3/bin/../lib/gcc/arm-none-eabi/13.3.1/thumb/v7e-m/nofp\libc_nano.a(libc_a-init.o)
                              D:/data/direction_in_my_life/information_technology/c_embedded/studying/tools/arm-mingw-13.3/bin/../lib/gcc/arm-none-eabi/13.3.1/thumb/v7e-m/nofp/crt0.o (__libc_init_array)
D:/data/direction_in_my_life/information_technology/c_embedded/studying/tools/arm-mingw-13.3/bin/../lib/gcc/arm-none-eabi/13.3.1/thumb/v7e-m/nofp\libc_nano.a(libc_a-lock.o)
[...]
Memory Configuration

Name             Origin             Length             Attributes
RAM              0x20000000         0x00005000         xrw
FLASH            0x08000000         0x00010000         xr
*default*        0x00000000         0xffffffff

Linker script and memory map

LOAD D:/data/direction_in_my_life/information_technology/c_embedded/studying/tools/arm-mingw-13.3/bin/../lib/gcc/arm-none-eabi/13.3.1/thumb/v7e-m/nofp/crti.o
LOAD D:/data/direction_in_my_life/information_technology/c_embedded/studying/tools/arm-mingw-13.3/bin/../lib/gcc/arm-none-eabi/13.3.1/thumb/v7e-m/nofp/crtbegin.o
LOAD D:/data/direction_in_my_life/information_technology/c_embedded/studying/tools/arm-mingw-13.3/bin/../lib/gcc/arm-none-eabi/13.3.1/thumb/v7e-m/nofp/crt0.o
START GROUP
LOAD D:/data/direction_in_my_life/information_technology/c_embedded/studying/tools/arm-mingw-13.3/bin/../lib/gcc/arm-none-eabi/13.3.1/thumb/v7e-m/nofp\libc_nano.a
LOAD D:/data/direction_in_my_life/information_technology/c_embedded/studying/tools/arm-mingw-13.3/bin/../lib/gcc/arm-none-eabi/13.3.1/thumb/v7e-m/nofp\libm.a
LOAD D:/data/direction_in_my_life/information_technology/c_embedded/studying/tools/arm-mingw-13.3/bin/../lib/gcc/arm-none-eabi/13.3.1/thumb/v7e-m/nofp\libstdc++_nano.a
LOAD D:/data/direction_in_my_life/information_technology/c_embedded/studying/tools/arm-mingw-13.3/bin/../lib/gcc/arm-none-eabi/13.3.1/thumb/v7e-m/nofp\libsupc++_nano.a
END GROUP
LOAD CMakeFiles/dac_project.dir/libraries/startup_stm32f103c8tx.s.obj
LOAD CMakeFiles/dac_project.dir/main.c.obj
LOAD CMakeFiles/dac_project.dir/libraries/system_library/syscalls.c.obj
LOAD CMakeFiles/dac_project.dir/libraries/system_library/sysmem.c.obj
LOAD CMakeFiles/dac_project.dir/libraries/main_library/system_stm32f1xx.c.obj
START GROUP
LOAD D:/data/direction_in_my_life/information_technology/c_embedded/studying/tools/arm-mingw-13.3/bin/../lib/gcc/arm-none-eabi/13.3.1/thumb/v7e-m/nofp\libgcc.a
LOAD D:/data/direction_in_my_life/information_technology/c_embedded/studying/tools/arm-mingw-13.3/bin/../lib/gcc/arm-none-eabi/13.3.1/thumb/v7e-m/nofp\libg_nano.a
LOAD D:/data/direction_in_my_life/information_technology/c_embedded/studying/tools/arm-mingw-13.3/bin/../lib/gcc/arm-none-eabi/13.3.1/thumb/v7e-m/nofp\libc_nano.a
END GROUP
START GROUP
LOAD D:/data/direction_in_my_life/information_technology/c_embedded/studying/tools/arm-mingw-13.3/bin/../lib/gcc/arm-none-eabi/13.3.1/thumb/v7e-m/nofp\libgcc.a
LOAD D:/data/direction_in_my_life/information_technology/c_embedded/studying/tools/arm-mingw-13.3/bin/../lib/gcc/arm-none-eabi/13.3.1/thumb/v7e-m/nofp\libc_nano.a
LOAD D:/data/direction_in_my_life/information_technology/c_embedded/studying/tools/arm-mingw-13.3/bin/../lib/gcc/arm-none-eabi/13.3.1/thumb/v7e-m/nofp\libnosys.a
END GROUP
START GROUP
LOAD D:/data/direction_in_my_life/information_technology/c_embedded/studying/tools/arm-mingw-13.3/bin/../lib/gcc/arm-none-eabi/13.3.1/thumb/v7e-m/nofp\libgcc.a
LOAD D:/data/direction_in_my_life/information_technology/c_embedded/studying/tools/arm-mingw-13.3/bin/../lib/gcc/arm-none-eabi/13.3.1/thumb/v7e-m/nofp\libc_nano.a
LOAD D:/data/direction_in_my_life/information_technology/c_embedded/studying/tools/arm-mingw-13.3/bin/../lib/gcc/arm-none-eabi/13.3.1/thumb/v7e-m/nofp\libnosys.a
END GROUP
LOAD D:/data/direction_in_my_life/information_technology/c_embedded/studying/tools/arm-mingw-13.3/bin/../lib/gcc/arm-none-eabi/13.3.1/thumb/v7e-m/nofp/crtend.o
LOAD D:/data/direction_in_my_life/information_technology/c_embedded/studying/tools/arm-mingw-13.3/bin/../lib/gcc/arm-none-eabi/13.3.1/thumb/v7e-m/nofp/crtn.o
                0x20005000                        _estack = (ORIGIN (RAM) + LENGTH (RAM))
                0x00000200                        _Min_Heap_Size = 0x200
                0x00000400                        _Min_Stack_Size = 0x400

.isr_vector     0x08000000      0x10c
                0x08000000                        . = ALIGN (0x4)
 *(.isr_vector)
 .isr_vector    0x08000000      0x10c CMakeFiles/dac_project.dir/libraries/startup_stm32f103c8tx.s.obj
                0x08000000                g_pfnVectors
                0x0800010c                        . = ALIGN (0x4)

.text           0x08000110      0xeb4
                0x08000110                        . = ALIGN (0x4)
 *(.text)
 .text          0x08000110      0x378 D:/data/direction_in_my_life/information_technology/c_embedded/studying/tools/arm-mingw-13.3/bin/../lib/gcc/arm-none-eabi/13.3.1/thumb/v7e-m/nofp\libgcc.a(_arm_addsubdf3.o)
                0x08000110                __aeabi_drsub
                0x08000118                __aeabi_dsub
                0x08000118                __subdf3
                0x0800011c                __aeabi_dadd
                0x0800011c                __adddf3
                0x08000394                __floatunsidf
                0x08000394                __aeabi_ui2d
                0x080003b4                __floatsidf
                0x080003b4                __aeabi_i2d
                0x080003d8                __aeabi_f2d
                0x080003d8                __extendsfdf2
                0x0800041c                __floatundidf
                0x0800041c                __aeabi_ul2d
                0x0800042c                __floatdidf
                0x0800042c                __aeabi_l2d
 .text          0x08000488      0x424 D:/data/direction_in_my_life/information_technology/c_embedded/studying/tools/arm-mingw-13.3/bin/../lib/gcc/arm-none-eabi/13.3.1/thumb/v7e-m/nofp\libgcc.a(_arm_muldivdf3.o)
                0x08000488                __aeabi_dmul
                0x08000488                __muldf3
                0x080006dc                __divdf3
                0x080006dc                __aeabi_ddiv
 .text          0x080008ac      0x110 D:/data/direction_in_my_life/information_technology/c_embedded/studying/tools/arm-mingw-13.3/bin/../lib/gcc/arm-none-eabi/13.3.1/thumb/v7e-m/nofp\libgcc.a(_arm_cmpdf2.o)
                0x080008ac                __gtdf2
                0x080008ac                __gedf2
                0x080008b4                __ltdf2
                0x080008b4                __ledf2
                0x080008bc                __nedf2
                0x080008bc                __eqdf2
                0x080008bc                __cmpdf2
                0x08000938                __aeabi_cdrcmple
                0x08000948                __aeabi_cdcmpeq
                0x08000948                __aeabi_cdcmple
                0x08000958                __aeabi_dcmpeq
                0x0800096c                __aeabi_dcmplt
                0x08000980                __aeabi_dcmple
                0x08000994                __aeabi_dcmpge
                0x080009a8                __aeabi_dcmpgt
 .text          0x080009bc       0x40 D:/data/direction_in_my_life/information_technology/c_embedded/studying/tools/arm-mingw-13.3/bin/../lib/gcc/arm-none-eabi/13.3.1/thumb/v7e-m/nofp\libgcc.a(_arm_fixunsdfsi.o)
                0x080009bc                __aeabi_d2uiz
                0x080009bc                __fixunsdfsi
 .text          0x080009fc       0xa0 D:/data/direction_in_my_life/information_technology/c_embedded/studying/tools/arm-mingw-13.3/bin/../lib/gcc/arm-none-eabi/13.3.1/thumb/v7e-m/nofp\libgcc.a(_arm_truncdfsf2.o)
                0x080009fc                __truncdfsf2
                0x080009fc                __aeabi_d2f
 *(.text*)
 .text.deregister_tm_clones
                0x08000a9c       0x1c D:/data/direction_in_my_life/information_technology/c_embedded/studying/tools/arm-mingw-13.3/bin/../lib/gcc/arm-none-eabi/13.3.1/thumb/v7e-m/nofp/crtbegin.o
 .text.register_tm_clones
                0x08000ab8       0x24 D:/data/direction_in_my_life/information_technology/c_embedded/studying/tools/arm-mingw-13.3/bin/../lib/gcc/arm-none-eabi/13.3.1/thumb/v7e-m/nofp/crtbegin.o
 .text.__do_global_dtors_aux
                0x08000adc       0x28 D:/data/direction_in_my_life/information_technology/c_embedded/studying/tools/arm-mingw-13.3/bin/../lib/gcc/arm-none-eabi/13.3.1/thumb/v7e-m/nofp/crtbegin.o
 .text.frame_dummy
                0x08000b04       0x24 D:/data/direction_in_my_life/information_technology/c_embedded/studying/tools/arm-mingw-13.3/bin/../lib/gcc/arm-none-eabi/13.3.1/thumb/v7e-m/nofp/crtbegin.o
 .text.__libc_init_array
                0x08000b28       0x48 D:/data/direction_in_my_life/information_technology/c_embedded/studying/tools/arm-mingw-13.3/bin/../lib/gcc/arm-none-eabi/13.3.1/thumb/v7e-m/nofp\libc_nano.a(libc_a-init.o)
                0x08000b28                __libc_init_array
 .text.Reset_Handler
                0x08000b70       0x48 CMakeFiles/dac_project.dir/libraries/startup_stm32f103c8tx.s.obj
                0x08000b70                Reset_Handler
 .text.Default_Handler
                0x08000bb8        0x2 CMakeFiles/dac_project.dir/libraries/startup_stm32f103c8tx.s.obj
                0x08000bb8                RTC_Alarm_IRQHandler
                0x08000bb8                EXTI2_IRQHandler
                0x08000bb8                DebugMon_Handler
                0x08000bb8                TIM1_CC_IRQHandler
                0x08000bb8                HardFault_Handler
                0x08000bb8                SysTick_Handler
                0x08000bb8                PVD_IRQHandler
                0x08000bb8                PendSV_Handler
                0x08000bb8                NMI_Handler
                0x08000bb8                EXTI3_IRQHandler
                0x08000bb8                EXTI0_IRQHandler
                0x08000bb8                I2C2_EV_IRQHandler
                0x08000bb8                UsageFault_Handler
                0x08000bb8                ADC1_2_IRQHandler
                0x08000bb8                SPI1_IRQHandler
                0x08000bb8                TAMPER_IRQHandler
                0x08000bb8                DMA1_Channel4_IRQHandler
                0x08000bb8                USART3_IRQHandler
                0x08000bb8                RTC_IRQHandler
                0x08000bb8                DMA1_Channel7_IRQHandler
                0x08000bb8                CAN1_RX1_IRQHandler
                0x08000bb8                TIM4_IRQHandler
                0x08000bb8                I2C1_EV_IRQHandler
                0x08000bb8                DMA1_Channel6_IRQHandler
                0x08000bb8                TIM3_IRQHandler
                0x08000bb8                RCC_IRQHandler
                0x08000bb8                TIM1_TRG_COM_IRQHandler
                0x08000bb8                DMA1_Channel1_IRQHandler
                0x08000bb8                Default_Handler
                0x08000bb8                EXTI15_10_IRQHandler
                0x08000bb8                EXTI9_5_IRQHandler
                0x08000bb8                SPI2_IRQHandler
                0x08000bb8                MemManage_Handler
                0x08000bb8                SVC_Handler
                0x08000bb8                DMA1_Channel5_IRQHandler
                0x08000bb8                EXTI4_IRQHandler
                0x08000bb8                USB_LP_CAN1_RX0_IRQHandler
                0x08000bb8                USB_HP_CAN1_TX_IRQHandler
                0x08000bb8                DMA1_Channel3_IRQHandler
                0x08000bb8                TIM1_UP_IRQHandler
                0x08000bb8                WWDG_IRQHandler
                0x08000bb8                TIM2_IRQHandler
                0x08000bb8                TIM1_BRK_IRQHandler
                0x08000bb8                EXTI1_IRQHandler
                0x08000bb8                USART2_IRQHandler
                0x08000bb8                I2C2_ER_IRQHandler
                0x08000bb8                DMA1_Channel2_IRQHandler
                0x08000bb8                CAN1_SCE_IRQHandler
                0x08000bb8                FLASH_IRQHandler
                0x08000bb8                BusFault_Handler
                0x08000bb8                USART1_IRQHandler
                0x08000bb8                I2C1_ER_IRQHandler
                0x08000bb8                USBWakeUp_IRQHandler
 *fill*         0x08000bba        0x6 
 .text.main     0x08000bc0       0x80 CMakeFiles/dac_project.dir/main.c.obj
                0x08000bc0                main
 .text.Delay    0x08000c40       0x2e CMakeFiles/dac_project.dir/main.c.obj
                0x08000c40                Delay
 *fill*         0x08000c6e        0x2 
 .text.EnableClocking
                0x08000c70       0x34 CMakeFiles/dac_project.dir/main.c.obj
                0x08000c70                EnableClocking
 .text.GpioInit
                0x08000ca4       0x40 CMakeFiles/dac_project.dir/main.c.obj
                0x08000ca4                GpioInit
 .text.I2cInit  0x08000ce4       0x5c CMakeFiles/dac_project.dir/main.c.obj
                0x08000ce4                I2cInit
 .text.I2cScan  0x08000d40       0x46 CMakeFiles/dac_project.dir/main.c.obj
                0x08000d40                I2cScan
 *fill*         0x08000d86        0x2 
 .text.I2cStart
                0x08000d88       0x30 CMakeFiles/dac_project.dir/main.c.obj
                0x08000d88                I2cStart
 .text.I2cStop  0x08000db8       0x1c CMakeFiles/dac_project.dir/main.c.obj
                0x08000db8                I2cStop
 .text.I2cResetAddrFlag
                0x08000dd4       0x18 CMakeFiles/dac_project.dir/main.c.obj
                0x08000dd4                I2cResetAddrFlag
 .text.I2cIsAck
                0x08000dec       0x30 CMakeFiles/dac_project.dir/main.c.obj
                0x08000dec                I2cIsAck
 .text.I2cSendAddress
                0x08000e1c       0x34 CMakeFiles/dac_project.dir/main.c.obj
                0x08000e1c                I2cSendAddress
 .text.I2cWriteData
                0x08000e50       0x3c CMakeFiles/dac_project.dir/main.c.obj
                0x08000e50                I2cWriteData
 *fill*         0x08000e8c        0x4 
 .text.DacSetVoltage
                0x08000e90       0x68 CMakeFiles/dac_project.dir/main.c.obj
                0x08000e90                DacSetVoltage
 .text.MCP4725SetValue
                0x08000ef8       0x4a CMakeFiles/dac_project.dir/main.c.obj
                0x08000ef8                MCP4725SetValue
 *fill*         0x08000f42        0x2 
 .text.SystemInit
                0x08000f44       0x68 CMakeFiles/dac_project.dir/libraries/main_library/system_stm32f1xx.c.obj
                0x08000f44                SystemInit
 *(.glue_7)
 .glue_7        0x08000fac        0x0 linker stubs
 *(.glue_7t)
 .glue_7t       0x08000fac        0x0 linker stubs
 *(.eh_frame)
 .eh_frame      0x08000fac        0x0 D:/data/direction_in_my_life/information_technology/c_embedded/studying/tools/arm-mingw-13.3/bin/../lib/gcc/arm-none-eabi/13.3.1/thumb/v7e-m/nofp/crtbegin.o
 *(.init)
 .init          0x08000fac        0x4 D:/data/direction_in_my_life/information_technology/c_embedded/studying/tools/arm-mingw-13.3/bin/../lib/gcc/arm-none-eabi/13.3.1/thumb/v7e-m/nofp/crti.o
                0x08000fac                _init
 .init          0x08000fb0        0x8 D:/data/direction_in_my_life/information_technology/c_embedded/studying/tools/arm-mingw-13.3/bin/../lib/gcc/arm-none-eabi/13.3.1/thumb/v7e-m/nofp/crtn.o
 *(.fini)
 .fini          0x08000fb8        0x4 D:/data/direction_in_my_life/information_technology/c_embedded/studying/tools/arm-mingw-13.3/bin/../lib/gcc/arm-none-eabi/13.3.1/thumb/v7e-m/nofp/crti.o
                0x08000fb8                _fini
 .fini          0x08000fbc        0x8 D:/data/direction_in_my_life/information_technology/c_embedded/studying/tools/arm-mingw-13.3/bin/../lib/gcc/arm-none-eabi/13.3.1/thumb/v7e-m/nofp/crtn.o
                0x08000fc4                        . = ALIGN (0x4)
                0x08000fc4                        _etext = .

.vfp11_veneer   0x08000fc4        0x0
 .vfp11_veneer  0x08000fc4        0x0 linker stubs

.v4_bx          0x08000fc4        0x0
 .v4_bx         0x08000fc4        0x0 linker stubs

.iplt           0x08000fc4        0x0
 .iplt          0x08000fc4        0x0 D:/data/direction_in_my_life/information_technology/c_embedded/studying/tools/arm-mingw-13.3/bin/../lib/gcc/arm-none-eabi/13.3.1/thumb/v7e-m/nofp/crtbegin.o

.rodata         0x08000fc4        0x0
                0x08000fc4                        . = ALIGN (0x4)
 *(.rodata)
 *(.rodata*)
                0x08000fc4                        . = ALIGN (0x4)

.ARM.extab      0x08000fc4        0x0
                0x08000fc4                        . = ALIGN (0x4)
 *(.ARM.extab* .gnu.linkonce.armextab.*)
                0x08000fc4                        . = ALIGN (0x4)

.ARM            0x08000fc4        0x0
                0x08000fc4                        . = ALIGN (0x4)
                0x08000fc4                        __exidx_start = .
 *(.ARM.exidx*)
                0x08000fc4                        __exidx_end = .
                0x08000fc4                        . = ALIGN (0x4)

.preinit_array  0x08000fc4        0x0
                0x08000fc4                        . = ALIGN (0x4)
                0x08000fc4                        PROVIDE (__preinit_array_start = .)
 *(.preinit_array*)
                0x08000fc4                        PROVIDE (__preinit_array_end = .)
                0x08000fc4                        . = ALIGN (0x4)

.init_array     0x08000fc4        0x4
                0x08000fc4                        . = ALIGN (0x4)
                0x08000fc4                        PROVIDE (__init_array_start = .)
 *(SORT_BY_NAME(.init_array.*))
 *(.init_array*)
 .init_array    0x08000fc4        0x4 D:/data/direction_in_my_life/information_technology/c_embedded/studying/tools/arm-mingw-13.3/bin/../lib/gcc/arm-none-eabi/13.3.1/thumb/v7e-m/nofp/crtbegin.o
                0x08000fc8                        PROVIDE (__init_array_end = .)
                0x08000fc8                        . = ALIGN (0x4)

.fini_array     0x08000fc8        0x4
                0x08000fc8                        . = ALIGN (0x4)
                [!provide]                        PROVIDE (__fini_array_start = .)
 *(SORT_BY_NAME(.fini_array.*))
 *(.fini_array*)
 .fini_array    0x08000fc8        0x4 D:/data/direction_in_my_life/information_technology/c_embedded/studying/tools/arm-mingw-13.3/bin/../lib/gcc/arm-none-eabi/13.3.1/thumb/v7e-m/nofp/crtbegin.o
                [!provide]                        PROVIDE (__fini_array_end = .)
                0x08000fcc                        . = ALIGN (0x4)
                0x08000fcc                        _sidata = LOADADDR (.data)

.rel.dyn        0x08000fcc        0x0
 .rel.iplt      0x08000fcc        0x0 D:/data/direction_in_my_life/information_technology/c_embedded/studying/tools/arm-mingw-13.3/bin/../lib/gcc/arm-none-eabi/13.3.1/thumb/v7e-m/nofp/crtbegin.o

.data           0x20000000        0x0 load address 0x08000fcc
                0x20000000                        . = ALIGN (0x4)
                0x20000000                        _sdata = .
 *(.data)
 *(.data*)
 *(.RamFunc)
 *(.RamFunc*)
                0x20000000                        . = ALIGN (0x4)
                0x20000000                        _edata = .

.tm_clone_table
                0x20000000        0x0 load address 0x08000fcc
 .tm_clone_table
                0x20000000        0x0 D:/data/direction_in_my_life/information_technology/c_embedded/studying/tools/arm-mingw-13.3/bin/../lib/gcc/arm-none-eabi/13.3.1/thumb/v7e-m/nofp/crtbegin.o
 .tm_clone_table
                0x20000000        0x0 D:/data/direction_in_my_life/information_technology/c_embedded/studying/tools/arm-mingw-13.3/bin/../lib/gcc/arm-none-eabi/13.3.1/thumb/v7e-m/nofp/crtend.o

.igot.plt       0x20000000        0x0 load address 0x08000fcc
 .igot.plt      0x20000000        0x0 D:/data/direction_in_my_life/information_technology/c_embedded/studying/tools/arm-mingw-13.3/bin/../lib/gcc/arm-none-eabi/13.3.1/thumb/v7e-m/nofp/crtbegin.o
                0x20000000                        . = ALIGN (0x4)

.bss            0x20000000       0x1c load address 0x08000fcc
                0x20000000                        _sbss = .
                0x20000000                        __bss_start__ = _sbss
 *(.bss)
 *(.bss*)
 .bss.completed.1
                0x20000000        0x1 D:/data/direction_in_my_life/information_technology/c_embedded/studying/tools/arm-mingw-13.3/bin/../lib/gcc/arm-none-eabi/13.3.1/thumb/v7e-m/nofp/crtbegin.o
 *fill*         0x20000001        0x3 
 .bss.object.0  0x20000004       0x18 D:/data/direction_in_my_life/information_technology/c_embedded/studying/tools/arm-mingw-13.3/bin/../lib/gcc/arm-none-eabi/13.3.1/thumb/v7e-m/nofp/crtbegin.o
 *(COMMON)
                0x2000001c                        . = ALIGN (0x4)
                0x2000001c                        _ebss = .
                0x2000001c                        __bss_end__ = _ebss

._user_heap_stack
                0x2000001c      0x604 load address 0x08000fcc
                0x20000020                        . = ALIGN (0x8)
 *fill*         0x2000001c        0x4 
                [!provide]                        PROVIDE (end = .)
                0x20000020                        PROVIDE (_end = .)
                0x20000220                        . = (. + _Min_Heap_Size)
 *fill*         0x20000020      0x200 
                0x20000620                        . = (. + _Min_Stack_Size)
 *fill*         0x20000220      0x400 
                0x20000620                        . = ALIGN (0x8)

/DISCARD/
 libc.a(*)
 libm.a(*)
 libgcc.a(*)

.ARM.attributes
                0x00000000       0x2a
 *(.ARM.attributes)
 .ARM.attributes
                0x00000000       0x1e D:/data/direction_in_my_life/information_technology/c_embedded/studying/tools/arm-mingw-13.3/bin/../lib/gcc/arm-none-eabi/13.3.1/thumb/v7e-m/nofp/crti.o
 .ARM.attributes
                0x0000001e       0x2e D:/data/direction_in_my_life/information_technology/c_embedded/studying/tools/arm-mingw-13.3/bin/../lib/gcc/arm-none-eabi/13.3.1/thumb/v7e-m/nofp/crtbegin.o
 .ARM.attributes
                0x0000004c       0x2e D:/data/direction_in_my_life/information_technology/c_embedded/studying/tools/arm-mingw-13.3/bin/../lib/gcc/arm-none-eabi/13.3.1/thumb/v7e-m/nofp\libc_nano.a(libc_a-init.o)
 .ARM.attributes
                0x0000007a       0x21 CMakeFiles/dac_project.dir/libraries/startup_stm32f103c8tx.s.obj
 .ARM.attributes
                0x0000009b       0x2e CMakeFiles/dac_project.dir/main.c.obj
 .ARM.attributes
                0x000000c9       0x2e CMakeFiles/dac_project.dir/libraries/main_library/system_stm32f1xx.c.obj
 .ARM.attributes
                0x000000f7       0x1e D:/data/direction_in_my_life/information_technology/c_embedded/studying/tools/arm-mingw-13.3/bin/../lib/gcc/arm-none-eabi/13.3.1/thumb/v7e-m/nofp\libgcc.a(_arm_addsubdf3.o)
 .ARM.attributes
                0x00000115       0x1e D:/data/direction_in_my_life/information_technology/c_embedded/studying/tools/arm-mingw-13.3/bin/../lib/gcc/arm-none-eabi/13.3.1/thumb/v7e-m/nofp\libgcc.a(_arm_muldivdf3.o)
 .ARM.attributes
                0x00000133       0x1e D:/data/direction_in_my_life/information_technology/c_embedded/studying/tools/arm-mingw-13.3/bin/../lib/gcc/arm-none-eabi/13.3.1/thumb/v7e-m/nofp\libgcc.a(_arm_cmpdf2.o)
 .ARM.attributes
                0x00000151       0x1e D:/data/direction_in_my_life/information_technology/c_embedded/studying/tools/arm-mingw-13.3/bin/../lib/gcc/arm-none-eabi/13.3.1/thumb/v7e-m/nofp\libgcc.a(_arm_fixunsdfsi.o)
 .ARM.attributes
                0x0000016f       0x1e D:/data/direction_in_my_life/information_technology/c_embedded/studying/tools/arm-mingw-13.3/bin/../lib/gcc/arm-none-eabi/13.3.1/thumb/v7e-m/nofp\libgcc.a(_arm_truncdfsf2.o)
 .ARM.attributes
                0x0000018d       0x2e D:/data/direction_in_my_life/information_technology/c_embedded/studying/tools/arm-mingw-13.3/bin/../lib/gcc/arm-none-eabi/13.3.1/thumb/v7e-m/nofp/crtend.o
 .ARM.attributes
                0x000001bb       0x1e D:/data/direction_in_my_life/information_technology/c_embedded/studying/tools/arm-mingw-13.3/bin/../lib/gcc/arm-none-eabi/13.3.1/thumb/v7e-m/nofp/crtn.o
OUTPUT(dac_project.elf elf32-littlearm)
LOAD linker stubs
LOAD D:/data/direction_in_my_life/information_technology/c_embedded/studying/tools/arm-mingw-13.3/bin/../lib/gcc/arm-none-eabi/13.3.1/thumb/v7e-m/nofp\libc.a
LOAD D:/data/direction_in_my_life/information_technology/c_embedded/studying/tools/arm-mingw-13.3/bin/../lib/gcc/arm-none-eabi/13.3.1/thumb/v7e-m/nofp\libm.a
LOAD D:/data/direction_in_my_life/information_technology/c_embedded/studying/tools/arm-mingw-13.3/bin/../lib/gcc/arm-none-eabi/13.3.1/thumb/v7e-m/nofp\libgcc.a

.debug_frame    0x00000000      0x498
 .debug_frame   0x00000000       0x2c D:/data/direction_in_my_life/information_technology/c_embedded/studying/tools/arm-mingw-13.3/bin/../lib/gcc/arm-none-eabi/13.3.1/thumb/v7e-m/nofp\libc_nano.a(libc_a-init.o)
 .debug_frame   0x0000002c      0x20c CMakeFiles/dac_project.dir/main.c.obj
 .debug_frame   0x00000238       0x58 CMakeFiles/dac_project.dir/libraries/main_library/system_stm32f1xx.c.obj
 .debug_frame   0x00000290       0xac D:/data/direction_in_my_life/information_technology/c_embedded/studying/tools/arm-mingw-13.3/bin/../lib/gcc/arm-none-eabi/13.3.1/thumb/v7e-m/nofp\libgcc.a(_arm_addsubdf3.o)
 .debug_frame   0x0000033c       0x50 D:/data/direction_in_my_life/information_technology/c_embedded/studying/tools/arm-mingw-13.3/bin/../lib/gcc/arm-none-eabi/13.3.1/thumb/v7e-m/nofp\libgcc.a(_arm_muldivdf3.o)
 .debug_frame   0x0000038c       0xc4 D:/data/direction_in_my_life/information_technology/c_embedded/studying/tools/arm-mingw-13.3/bin/../lib/gcc/arm-none-eabi/13.3.1/thumb/v7e-m/nofp\libgcc.a(_arm_cmpdf2.o)
 .debug_frame   0x00000450       0x24 D:/data/direction_in_my_life/information_technology/c_embedded/studying/tools/arm-mingw-13.3/bin/../lib/gcc/arm-none-eabi/13.3.1/thumb/v7e-m/nofp\libgcc.a(_arm_fixunsdfsi.o)
 .debug_frame   0x00000474       0x24 D:/data/direction_in_my_life/information_technology/c_embedded/studying/tools/arm-mingw-13.3/bin/../lib/gcc/arm-none-eabi/13.3.1/thumb/v7e-m/nofp\libgcc.a(_arm_truncdfsf2.o)

.debug_line     0x00000000      0xc21
 .debug_line    0x00000000       0x78 CMakeFiles/dac_project.dir/libraries/startup_stm32f103c8tx.s.obj
 .debug_line    0x00000078      0x768 CMakeFiles/dac_project.dir/main.c.obj
 .debug_line    0x000007e0      0x441 CMakeFiles/dac_project.dir/libraries/main_library/system_stm32f1xx.c.obj

.debug_line_str
                0x00000000      0x13f
 .debug_line_str
                0x00000000      0x13f CMakeFiles/dac_project.dir/libraries/startup_stm32f103c8tx.s.obj
                                 0x74 (size before relaxing)
 .debug_line_str
                0x0000013f       0xcb D:/data/direction_in_my_life/information_technology/c_embedded/studying/tools/arm-mingw-13.3/bin/../lib/gcc/arm-none-eabi/13.3.1/thumb/v7e-m/nofp\libgcc.a(_arm_addsubdf3.o)
 .debug_line_str
                0x0000013f       0xcb D:/data/direction_in_my_life/information_technology/c_embedded/studying/tools/arm-mingw-13.3/bin/../lib/gcc/arm-none-eabi/13.3.1/thumb/v7e-m/nofp\libgcc.a(_arm_muldivdf3.o)
 .debug_line_str
                0x0000013f       0xcb D:/data/direction_in_my_life/information_technology/c_embedded/studying/tools/arm-mingw-13.3/bin/../lib/gcc/arm-none-eabi/13.3.1/thumb/v7e-m/nofp\libgcc.a(_arm_cmpdf2.o)
 .debug_line_str
                0x0000013f       0xcb D:/data/direction_in_my_life/information_technology/c_embedded/studying/tools/arm-mingw-13.3/bin/../lib/gcc/arm-none-eabi/13.3.1/thumb/v7e-m/nofp\libgcc.a(_arm_fixunsdfsi.o)
 .debug_line_str
                0x0000013f       0xcb D:/data/direction_in_my_life/information_technology/c_embedded/studying/tools/arm-mingw-13.3/bin/../lib/gcc/arm-none-eabi/13.3.1/thumb/v7e-m/nofp\libgcc.a(_arm_truncdfsf2.o)

.debug_info     0x00000000      0x85f
 .debug_info    0x00000000       0x30 CMakeFiles/dac_project.dir/libraries/startup_stm32f103c8tx.s.obj
 .debug_info    0x00000030      0x449 CMakeFiles/dac_project.dir/main.c.obj
 .debug_info    0x00000479      0x3e6 CMakeFiles/dac_project.dir/libraries/main_library/system_stm32f1xx.c.obj

.debug_abbrev   0x00000000      0x2e3
 .debug_abbrev  0x00000000       0x24 CMakeFiles/dac_project.dir/libraries/startup_stm32f103c8tx.s.obj
 .debug_abbrev  0x00000024      0x182 CMakeFiles/dac_project.dir/main.c.obj
 .debug_abbrev  0x000001a6      0x13d CMakeFiles/dac_project.dir/libraries/main_library/system_stm32f1xx.c.obj

.debug_aranges  0x00000000       0xe0
 .debug_aranges
                0x00000000       0x28 CMakeFiles/dac_project.dir/libraries/startup_stm32f103c8tx.s.obj
 .debug_aranges
                0x00000028       0x90 CMakeFiles/dac_project.dir/main.c.obj
 .debug_aranges
                0x000000b8       0x28 CMakeFiles/dac_project.dir/libraries/main_library/system_stm32f1xx.c.obj

.debug_str      0x00000000    0x58353
 .debug_str     0x00000000    0x58353 CMakeFiles/dac_project.dir/libraries/startup_stm32f103c8tx.s.obj
                                 0x90 (size before relaxing)
 .debug_str     0x00058353    0x58186 CMakeFiles/dac_project.dir/main.c.obj
 .debug_str     0x00058353    0x54838 CMakeFiles/dac_project.dir/libraries/main_library/system_stm32f1xx.c.obj

.debug_rnglists
                0x00000000       0x9b
 .debug_rnglists
                0x00000000       0x19 CMakeFiles/dac_project.dir/libraries/startup_stm32f103c8tx.s.obj
 .debug_rnglists
                0x00000019       0x68 CMakeFiles/dac_project.dir/main.c.obj
 .debug_rnglists
                0x00000081       0x1a CMakeFiles/dac_project.dir/libraries/main_library/system_stm32f1xx.c.obj

.debug_macro    0x00000000    0x10d36
 .debug_macro   0x00000000      0x19c CMakeFiles/dac_project.dir/main.c.obj
 .debug_macro   0x0000019c      0xacc CMakeFiles/dac_project.dir/main.c.obj
 .debug_macro   0x00000c68       0x22 CMakeFiles/dac_project.dir/main.c.obj
 .debug_macro   0x00000c8a       0x22 CMakeFiles/dac_project.dir/main.c.obj
 .debug_macro   0x00000cac       0x5b CMakeFiles/dac_project.dir/main.c.obj
 .debug_macro   0x00000d07       0x24 CMakeFiles/dac_project.dir/main.c.obj
 .debug_macro   0x00000d2b       0x94 CMakeFiles/dac_project.dir/main.c.obj
 .debug_macro   0x00000dbf       0x43 CMakeFiles/dac_project.dir/main.c.obj
 .debug_macro   0x00000e02       0x34 CMakeFiles/dac_project.dir/main.c.obj
 .debug_macro   0x00000e36       0x16 CMakeFiles/dac_project.dir/main.c.obj
 .debug_macro   0x00000e4c       0x57 CMakeFiles/dac_project.dir/main.c.obj
 .debug_macro   0x00000ea3       0x9e CMakeFiles/dac_project.dir/main.c.obj
 .debug_macro   0x00000f41      0x370 CMakeFiles/dac_project.dir/main.c.obj
 .debug_macro   0x000012b1      0x112 CMakeFiles/dac_project.dir/main.c.obj
 .debug_macro   0x000013c3       0x10 CMakeFiles/dac_project.dir/main.c.obj
 .debug_macro   0x000013d3       0x16 CMakeFiles/dac_project.dir/main.c.obj
 .debug_macro   0x000013e9       0x4a CMakeFiles/dac_project.dir/main.c.obj
 .debug_macro   0x00001433       0x34 CMakeFiles/dac_project.dir/main.c.obj
 .debug_macro   0x00001467       0x10 CMakeFiles/dac_project.dir/main.c.obj
 .debug_macro   0x00001477       0x58 CMakeFiles/dac_project.dir/main.c.obj
 .debug_macro   0x000014cf       0x8e CMakeFiles/dac_project.dir/main.c.obj
 .debug_macro   0x0000155d       0x1c CMakeFiles/dac_project.dir/main.c.obj
 .debug_macro   0x00001579      0x185 CMakeFiles/dac_project.dir/main.c.obj
 .debug_macro   0x000016fe       0x16 CMakeFiles/dac_project.dir/main.c.obj
 .debug_macro   0x00001714       0x16 CMakeFiles/dac_project.dir/main.c.obj
 .debug_macro   0x0000172a      0x146 CMakeFiles/dac_project.dir/main.c.obj
 .debug_macro   0x00001870       0x22 CMakeFiles/dac_project.dir/main.c.obj
 .debug_macro   0x00001892      0x103 CMakeFiles/dac_project.dir/main.c.obj
 .debug_macro   0x00001995       0x6a CMakeFiles/dac_project.dir/main.c.obj
 .debug_macro   0x000019ff      0x1df CMakeFiles/dac_project.dir/main.c.obj
 .debug_macro   0x00001bde       0x1c CMakeFiles/dac_project.dir/main.c.obj
 .debug_macro   0x00001bfa       0x22 CMakeFiles/dac_project.dir/main.c.obj
 .debug_macro   0x00001c1c       0xfb CMakeFiles/dac_project.dir/main.c.obj
 .debug_macro   0x00001d17      0xd23 CMakeFiles/dac_project.dir/main.c.obj
 .debug_macro   0x00002a3a     0xe09e CMakeFiles/dac_project.dir/main.c.obj
 .debug_macro   0x00010ad8       0x40 CMakeFiles/dac_project.dir/main.c.obj
 .debug_macro   0x00010b18       0xce CMakeFiles/dac_project.dir/libraries/main_library/system_stm32f1xx.c.obj
 .debug_macro   0x00010be6       0x2e CMakeFiles/dac_project.dir/libraries/main_library/system_stm32f1xx.c.obj
 .debug_macro   0x00010c14       0x8e CMakeFiles/dac_project.dir/libraries/main_library/system_stm32f1xx.c.obj
 .debug_macro   0x00010ca2       0x51 CMakeFiles/dac_project.dir/libraries/main_library/system_stm32f1xx.c.obj
 .debug_macro   0x00010cf3       0x43 CMakeFiles/dac_project.dir/libraries/main_library/system_stm32f1xx.c.obj

.comment        0x00000000       0x45
 .comment       0x00000000       0x45 CMakeFiles/dac_project.dir/main.c.obj
                                 0x46 (size before relaxing)
 .comment       0x00000045       0x46 CMakeFiles/dac_project.dir/libraries/main_library/system_stm32f1xx.c.obj
