C:/Users/doroz/Desktop/spi_project/main.c:7:5:main	24	static
C:/Users/doroz/Desktop/spi_project/main.c:29:6:Delay	24	static
C:/Users/doroz/Desktop/spi_project/main.c:38:6:EnableClocking	4	static
C:/Users/doroz/Desktop/spi_project/main.c:45:6:GpioInit	4	static
C:/Users/doroz/Desktop/spi_project/main.c:60:6:SpiInit	4	static
C:/Users/doroz/Desktop/spi_project/main.c:72:6:SpiEnable	4	static
C:/Users/doroz/Desktop/spi_project/main.c:77:6:SpiDisable	4	static
C:/Users/doroz/Desktop/spi_project/main.c:82:6:SelectBmp280	4	static
C:/Users/doroz/Desktop/spi_project/main.c:87:6:DeSelectBmp280	4	static
C:/Users/doroz/Desktop/spi_project/main.c:92:6:ClearOverunFlag	4	static
C:/Users/doroz/Desktop/spi_project/main.c:101:6:SpiSelectRegister	16	static
C:/Users/doroz/Desktop/spi_project/main.c:108:9:SpiReciveData	4	static
C:/Users/doroz/Desktop/spi_project/main.c:117:6:Bmp280WriteDataToRegister	16	static
C:/Users/doroz/Desktop/spi_project/main.c:127:9:Bmp280ReadDataFromRegister	24	static
C:/Users/doroz/Desktop/spi_project/main.c:140:6:Bmp280Config	8	static
C:/Users/doroz/Desktop/spi_project/main.c:147:6:Bmp280Reset	8	static
C:/Users/doroz/Desktop/spi_project/main.c:153:6:Bmp280SetСtrlMeas	8	static
C:/Users/doroz/Desktop/spi_project/main.c:158:6:Bmp280SetConfig	8	static
C:/Users/doroz/Desktop/spi_project/main.c:163:6:Bmp280ReadCompensationData	8	static
C:/Users/doroz/Desktop/spi_project/main.c:169:6:Bmp280ReadCompensationTemperature	16	static
C:/Users/doroz/Desktop/spi_project/main.c:184:6:Bmp280ReadCompensationPressure	16	static
C:/Users/doroz/Desktop/spi_project/main.c:223:6:Bmp280ReadData	16	static
C:/Users/doroz/Desktop/spi_project/main.c:235:9:Bmp280ReadTemperature	16	static
C:/Users/doroz/Desktop/spi_project/main.c:246:10:Bmp280ReadPressure	16	static
C:/Users/doroz/Desktop/spi_project/main.c:257:9:Bmp280CompensateTemperatureInteger32	32	static
C:/Users/doroz/Desktop/spi_project/main.c:268:10:Bmp280CompensatePressureInteger32	248	static
